// Jest Snapshot v1, https://goo.gl/fbAQLP

exports[`Profile matches snapshot 1`] = `
<div>
  <div>
    <b>
      sunkeydokey
    </b>
    Â 
    <span>
      (
      sunkee
      )
    </span>
  </div>
</div>
`;
